#-----------------------------------------------------------
# Webtalk v2020.2 (64-bit)
# SW Build 3064766 on Wed Nov 18 09:12:45 MST 2020
# IP Build 3064653 on Wed Nov 18 14:17:31 MST 2020
# Start of session at: Thu Feb 25 11:46:28 2021
# Process ID: 3996
# Current directory: C:/Users/Jirka/Desktop/DE1/Cvika/3/comparator_2bit/comparator_2bit.sim/sim_1/behav/xsim
# Command line: wbtcv.exe -mode batch -source C:/Users/Jirka/Desktop/DE1/Cvika/3/comparator_2bit/comparator_2bit.sim/sim_1/behav/xsim/xsim.dir/comparator_2bit_behav/webtalk/xsim_webtalk.tcl -notrace
# Log file: C:/Users/Jirka/Desktop/DE1/Cvika/3/comparator_2bit/comparator_2bit.sim/sim_1/behav/xsim/webtalk.log
# Journal file: C:/Users/Jirka/Desktop/DE1/Cvika/3/comparator_2bit/comparator_2bit.sim/sim_1/behav/xsim\webtalk.jou
#-----------------------------------------------------------
source C:/Users/Jirka/Desktop/DE1/Cvika/3/comparator_2bit/comparator_2bit.sim/sim_1/behav/xsim/xsim.dir/comparator_2bit_behav/webtalk/xsim_webtalk.tcl -notrace
